[egghop.github.io/egghop/index.html]
[backblue.gif]
[fade.gif]
[index.html]
[i.hizliresim.com/jrvvwpo.jpg]
[i.hizliresim.com/iuto1fg.jpg]
[egghop.github.io/egghop/rawline.css]
[egghop.github.io/egghop/css2]
[egghop.github.io/egghop/css2(1)]
[egghop.github.io/egghop/all.min.css]
[egghop.github.io/egghop/reset.html]
[egghop.github.io/egghop/index.css]
[egghop.github.io/egghop/'https_/media.discordapp.net/attachments/988899399197421608/1003705840315932743/unknowneb89.png]
[egghop.github.io/egghop/'https_/i.hizliresim.com/3tkkyef7860.png]
[i.hizliresim.com/f4a25wq6462.jpg]
[egghop.github.io/egghop/index.html]
[egghop.github.io/egghop/rawline.css]
[egghop.github.io/egghop/all.min.css]
[egghop.github.io/error_docs/styles.css]
[egghop.github.io/egghop/reset.html]
[egghop.github.io/s.cdpn.io/1231630/clouds_repeat.png]
[egghop.github.io/egghop/index.css]
[egghop.github.io/egghop/'https_/media.discordapp.net/attachments/988899399197421608/1003705840315932743/unknowneb89.html]
[egghop.github.io/egghop/'https_/i.hizliresim.com/3tkkyef7860.html]
[egghop.github.io/error_docs/styles.html]
[egghop.github.io/s.cdpn.io/1231630/clouds_repeat.html]
